Calculating task graph as configuration cache cannot be reused because file 'canvas-server\build.gradle.kts' has changed.
Type-safe project accessors is an incubating feature.

> Configure project :
weaver-patcher v2.4.5 (running on 'Windows 11')

> Configure project :canvas-server
weaver-core v2.4.5 (running on 'Windows 11')

> Task :canvas-api:generateApiVersioningFile UP-TO-DATE
> Task :canvas-server:processLog4jPluginsResources NO-SOURCE
> Task :canvas-api:processResources NO-SOURCE
> Task :canvas-server:downloadMcManifest
> Task :canvas-server:downloadMcVersionManifest UP-TO-DATE
> Task :canvas-server:downloadServerJar UP-TO-DATE
> Task :canvas-server:extractFromBundler UP-TO-DATE
> Task :canvas-api:compileJava UP-TO-DATE
> Task :canvas-api:classes UP-TO-DATE
> Task :canvas-api:jar UP-TO-DATE
> Task :canvas-server:compileLog4jPluginsJava UP-TO-DATE
> Task :canvas-server:log4jPluginsClasses UP-TO-DATE
> Task :canvas-server:processResources UP-TO-DATE
> Task :canvas-server:compileJava
C:\Users\jakob_vowie\Desktop\Coding Projekte\Java\EnigmaEngine\canvas-server\src\main\java\io\canvasmc\canvas\distributed\snapshot\RegionSnapshotUtil.java:122: Fehler: Symbol nicht gefunden
                    snapshotRegionId,
                    ^
  Symbol: Variable snapshotRegionId
  Ort: Klasse RegionSnapshotUtil
Hinweis: Einige Eingabedateien verwenden oder überschreiben eine veraltete API.
Hinweis: Wiederholen Sie die Kompilierung mit -Xlint:deprecation, um Details zu erhalten.
Hinweis: Einige Eingabedateien verwenden oder überschreiben eine veraltete API, die zum Entfernen markiert ist.
Hinweis: Wiederholen Sie die Kompilierung mit -Xlint:removal, um Details zu erhalten.
Hinweis: Einige Eingabedateien verwenden nicht geprüfte oder unsichere Vorgänge.
Hinweis: Wiederholen Sie die Kompilierung mit -Xlint:unchecked, um Details zu erhalten.
1 Fehler

> Task :canvas-server:compileJava FAILED

[Incubating] Problems report is available at: file:///C:/Users/jakob_vowie/Desktop/Coding%20Projekte/Java/EnigmaEngine/build/reports/problems/problems-report.html

FAILURE: Build failed with an exception.

* What went wrong:
Execution failed for task ':canvas-server:compileJava'.
> Compilation failed; see the compiler output below.
  C:\Users\jakob_vowie\Desktop\Coding Projekte\Java\EnigmaEngine\canvas-server\src\main\java\io\canvasmc\canvas\distributed\snapshot\RegionSnapshotUtil.java:122: Fehler: Symbol nicht gefunden
                      snapshotRegionId,
                      ^
    Symbol: Variable snapshotRegionId
    Ort: Klasse RegionSnapshotUtil
  1 Fehler

* Try:
> Check your code and dependencies to fix the compilation error(s)
> Run with --scan to get full insights from a Build Scan (powered by Develocity).

BUILD FAILED in 1m 2s
10 actionable tasks: 2 executed, 8 up-to-date
Configuration cache entry stored.
